// Jest Snapshot v1, https://goo.gl/fbAQLP

exports[`<JournalEntry />  should show correctly 1`] = `
<div
  className="journal__entry animate__animated animate__fadeIn animate__faster"
  onClick={[Function]}
>
  <div
    className="journal__entry-picture"
    style={
      Object {
        "backgroundImage": "url(https://image.com/image.jpg)",
        "backgroundSize": "cover",
      }
    }
  />
  <div
    className="journal__entry-body"
  >
    <p
      className="journal__entry-title"
    >
      Note title
    </p>
    <p
      className="journal__entry-content"
    >
      Note body
    </p>
  </div>
  <div
    className="journal__entry-date-box"
  >
    <span>
      Wednesday
    </span>
    <h4>
      1st
    </h4>
  </div>
</div>
`;
